// Jest Snapshot v1, https://goo.gl/fbAQLP

exports[`NunjucksPlugin nunjucks templating can loop 1`] = `
"12345
"
`;

exports[`NunjucksPlugin nunjucks templating if statement 1`] = `
"
if statement true



"
`;

exports[`NunjucksPlugin nunjucks templating render basic HTML 1`] = `
"<section>
  <div>
    normal html <span class=\\"test\\">elements</span>
  </div>

  <h1>A title here</h1>

  <input type=\\"text\\" name=\\"self-closing-tag\\" />
</section>
"
`;

exports[`NunjucksPlugin nunjucks templating variables 1`] = `
"test variable value
3-c-2-b-1-a
"
`;
